{
    "no transcriptome": {
        "content": [
            [
                [
                    {
                        "id": "test",
                        "single_end": false
                    },
                    "test.Aligned.out.bam:md5,984e1586c4a0ee395d1f298f8ffe2d43"
                ]
            ],
            [
                
            ],
            [
                
            ],
            [
                [
                    {
                        "id": "test",
                        "single_end": false
                    },
                    "test.SJ.out.tab:md5,844af19ab0fc8cd9a3f75228445aca0d"
                ]
            ],
            [
                [
                    {
                        "id": "test",
                        "single_end": false
                    },
                    "test.Aligned.toTranscriptome.out.bam:md5,afa64bc411f13f4de255ea73a483190b"
                ]
            ],
            "test.sorted.bam",
            "test.sorted.bam.bai",
            [
                [
                    {
                        "id": "test",
                        "single_end": false
                    },
                    "test.sorted.bam.stats:md5,39273789abce501dc706fa94bbd0079d"
                ]
            ],
            [
                [
                    {
                        "id": "test",
                        "single_end": false
                    },
                    "test.sorted.bam.flagstat:md5,db0e25cd0b37d3030e807846c022199e"
                ]
            ],
            [
                [
                    {
                        "id": "test",
                        "single_end": false
                    },
                    "test.sorted.bam.idxstats:md5,107ca94dd426cc44db316f0d402307c5"
                ]
            ],
            [
                [
                    {
                        "id": "test",
                        "single_end": false
                    },
                    "test.sorted.bam:md5,304982537be52d39f99c33e6079297ff"
                ]
            ],
            [
                [
                    {
                        "id": "test",
                        "single_end": false
                    },
                    "test.sorted.bam.bai:md5,b713ac63c6114db4482fde48a87a3b55"
                ]
            ],
            [
                [
                    {
                        "id": "test",
                        "single_end": false
                    },
                    "test.sorted.bam.stats:md5,fa2f10820ffe578ebe7d5935155b4366"
                ]
            ],
            [
                [
                    {
                        "id": "test",
                        "single_end": false
                    },
                    "test.sorted.bam.flagstat:md5,a204dee59ef8b7cd0f7d952a80119b77"
                ]
            ],
            [
                [
                    {
                        "id": "test",
                        "single_end": false
                    },
                    "test.sorted.bam.idxstats:md5,4030919b4a05393dcd7e699d72725803"
                ]
            ],
            "test.Log.out",
            "test.Log.final.out",
            "test.Log.progress.out"
        ],
        "meta": {
            "nf-test": "0.8.4",
            "nextflow": "24.04.1"
        },
        "timestamp": "2024-05-24T10:02:48.857080497"
    },
    "single_end": {
        "content": [
            [
                [
                    {
                        "id": "test",
                        "single_end": true
                    },
                    "test.Aligned.out.bam:md5,2877597d2317c27a6534db71bdcfb0dc"
                ]
            ],
            [
                
            ],
            [
                
            ],
            [
                [
                    {
                        "id": "test",
                        "single_end": true
                    },
                    "test.SJ.out.tab:md5,75a516ab950fb958f40b29996474949c"
                ]
            ],
            [
                
            ],
            "test.sorted.bam",
            "test.sorted.bam.bai",
            [
                [
                    {
                        "id": "test",
                        "single_end": true
                    },
                    "test.sorted.bam.stats:md5,2b8eb6967b68f03584cc242499658e92"
                ]
            ],
            [
                [
                    {
                        "id": "test",
                        "single_end": true
                    },
                    "test.sorted.bam.flagstat:md5,075e7a684a7ceb5fd1dae154f823128a"
                ]
            ],
            [
                [
                    {
                        "id": "test",
                        "single_end": true
                    },
                    "test.sorted.bam.idxstats:md5,0d5a12e3e3ffdb15f1c6c50f02f22575"
                ]
            ],
            [
                
            ],
            [
                
            ],
            [
                
            ],
            [
                
            ],
            [
                
            ],
            "test.Log.out",
            "test.Log.final.out",
            "test.Log.progress.out"
        ],
        "meta": {
            "nf-test": "0.8.4",
            "nextflow": "24.04.1"
        },
        "timestamp": "2024-05-24T10:00:05.935042889"
    },
    "transcriptome": {
        "content": [
            [
                [
                    {
                        "id": "test",
                        "single_end": false
                    },
                    "test.Aligned.out.bam:md5,984e1586c4a0ee395d1f298f8ffe2d43"
                ]
            ],
            [
                
            ],
            [
                
            ],
            [
                [
                    {
                        "id": "test",
                        "single_end": false
                    },
                    "test.SJ.out.tab:md5,844af19ab0fc8cd9a3f75228445aca0d"
                ]
            ],
            [
                [
                    {
                        "id": "test",
                        "single_end": false
                    },
                    "test.Aligned.toTranscriptome.out.bam:md5,afa64bc411f13f4de255ea73a483190b"
                ]
            ],
            "test.sorted.bam",
            "test.sorted.bam.bai",
            [
                [
                    {
                        "id": "test",
                        "single_end": false
                    },
                    "test.sorted.bam.stats:md5,39273789abce501dc706fa94bbd0079d"
                ]
            ],
            [
                [
                    {
                        "id": "test",
                        "single_end": false
                    },
                    "test.sorted.bam.flagstat:md5,db0e25cd0b37d3030e807846c022199e"
                ]
            ],
            [
                [
                    {
                        "id": "test",
                        "single_end": false
                    },
                    "test.sorted.bam.idxstats:md5,107ca94dd426cc44db316f0d402307c5"
                ]
            ],
            [
                [
                    {
                        "id": "test",
                        "single_end": false
                    },
                    "test.sorted.bam:md5,f4b96ef58a9e762495e8a3ed27541ddf"
                ]
            ],
            [
                [
                    {
                        "id": "test",
                        "single_end": false
                    },
                    "test.sorted.bam.bai:md5,6cf664f6eeb968efdebbc44edf5a4bcb"
                ]
            ],
            [
                [
                    {
                        "id": "test",
                        "single_end": false
                    },
                    "test.sorted.bam.stats:md5,8b4b458a77eb4ffb04a568de36ecb677"
                ]
            ],
            [
                [
                    {
                        "id": "test",
                        "single_end": false
                    },
                    "test.sorted.bam.flagstat:md5,a204dee59ef8b7cd0f7d952a80119b77"
                ]
            ],
            [
                [
                    {
                        "id": "test",
                        "single_end": false
                    },
                    "test.sorted.bam.idxstats:md5,4030919b4a05393dcd7e699d72725803"
                ]
            ],
            "test.Log.out",
            "test.Log.final.out",
            "test.Log.progress.out"
        ],
        "meta": {
            "nf-test": "0.8.4",
            "nextflow": "24.04.1"
        },
        "timestamp": "2024-05-24T10:01:54.522549621"
    },
    "paired_end": {
        "content": [
            [
                [
                    {
                        "id": "test",
                        "single_end": false
                    },
                    "test.Aligned.out.bam:md5,983a8900e9c1b1f86665ac40ec4df738"
                ]
            ],
            [
                
            ],
            [
                
            ],
            [
                [
                    {
                        "id": "test",
                        "single_end": false
                    },
                    "test.SJ.out.tab:md5,844af19ab0fc8cd9a3f75228445aca0d"
                ]
            ],
            [
                
            ],
            "test.sorted.bam",
            "test.sorted.bam.bai",
            [
                [
                    {
                        "id": "test",
                        "single_end": false
                    },
                    "test.sorted.bam.stats:md5,39273789abce501dc706fa94bbd0079d"
                ]
            ],
            [
                [
                    {
                        "id": "test",
                        "single_end": false
                    },
                    "test.sorted.bam.flagstat:md5,db0e25cd0b37d3030e807846c022199e"
                ]
            ],
            [
                [
                    {
                        "id": "test",
                        "single_end": false
                    },
                    "test.sorted.bam.idxstats:md5,107ca94dd426cc44db316f0d402307c5"
                ]
            ],
            [
                
            ],
            [
                
            ],
            [
                
            ],
            [
                
            ],
            [
                
            ],
            "test.Log.out",
            "test.Log.final.out",
            "test.Log.progress.out"
        ],
        "meta": {
            "nf-test": "0.8.4",
            "nextflow": "24.04.1"
        },
        "timestamp": "2024-05-24T10:01:00.432031171"
    }
}