{
    "test_maltextract": {
        "content": [
            [
                "versions.yml:md5,4d87de5def1287321effde6545901cf6"
            ]
        ],
        "meta": {
            "nf-test": "0.8.4",
            "nextflow": "23.10.0"
        },
        "timestamp": "2024-03-19T13:23:39.703103"
    }
}