{
    "cellranger - multi - 10k - PBMC": {
        "content": [
            [
                "all_contig.fasta:md5,494adf38d81f749fc87409c982a1dd2d"
            ],
            [
                "all_contig.fasta.fai:md5,95e967ffde85602135d22764664d9e3e"
            ],
            [
                "all_contig.fastq:md5,e5b0cec096f4d57981916d2247a9f9b7"
            ],
            [
                "consensus.bam.bai:md5,125978e04496fe193a5c162603a7e6f6"
            ],
            [
                "regions.fa:md5,1953406d913fb0fd753c6b56e847da83"
            ],
            [
                "all_contig_annotations.json:md5,421077f0e3a8b706d49327360f8481e5",
                "cell_barcodes.json:md5,d751713988987e9331980363e24189ce",
                "reference.json:md5,384f6efabad59f6da5c89b862aee71a8"
            ]
        ],
        "meta": {
            "nf-test": "0.8.4",
            "nextflow": "23.10.1"
        },
        "timestamp": "2024-04-18T07:20:48.891786746"
    },
    "versions-PBMC": {
        "content": [
            [
                "versions.yml:md5,26cfb9ed5047513a4b2c82bfb89fb3d8"
            ]
        ],
        "meta": {
            "nf-test": "0.8.4",
            "nextflow": "23.10.1"
        },
        "timestamp": "2024-04-18T07:20:48.951237332"
    },
    "cellranger - multi - 10k - PBMC - with cmo": {
        "content": [
            [
                "all_contig.fasta:md5,494adf38d81f749fc87409c982a1dd2d"
            ],
            [
                "all_contig.fasta.fai:md5,95e967ffde85602135d22764664d9e3e"
            ],
            [
                "all_contig.fastq:md5,e5b0cec096f4d57981916d2247a9f9b7"
            ],
            [
                "consensus.bam.bai:md5,125978e04496fe193a5c162603a7e6f6"
            ],
            [
                "regions.fa:md5,1953406d913fb0fd753c6b56e847da83"
            ],
            [
                "all_contig_annotations.json:md5,421077f0e3a8b706d49327360f8481e5",
                "cell_barcodes.json:md5,d751713988987e9331980363e24189ce",
                "reference.json:md5,384f6efabad59f6da5c89b862aee71a8"
            ]
        ],
        "meta": {
            "nf-test": "0.8.4",
            "nextflow": "23.10.1"
        },
        "timestamp": "2024-04-18T07:22:11.544686142"
    },
    "versions-with-cmo": {
        "content": [
            [
                "versions.yml:md5,26cfb9ed5047513a4b2c82bfb89fb3d8"
            ]
        ],
        "meta": {
            "nf-test": "0.8.4",
            "nextflow": "23.10.1"
        },
        "timestamp": "2024-04-18T07:22:11.604470198"
    },
    "versions-with-vdj": {
        "content": [
            [
                "versions.yml:md5,26cfb9ed5047513a4b2c82bfb89fb3d8"
            ]
        ],
        "meta": {
            "nf-test": "0.8.4",
            "nextflow": "23.10.1"
        },
        "timestamp": "2024-04-18T07:23:39.427087593"
    },
    "cellranger - multi - 10k - PBMC - with vdj": {
        "content": [
            [
                "all_contig.fasta:md5,494adf38d81f749fc87409c982a1dd2d"
            ],
            [
                "all_contig.fasta.fai:md5,95e967ffde85602135d22764664d9e3e"
            ],
            [
                "all_contig.fastq:md5,e5b0cec096f4d57981916d2247a9f9b7"
            ],
            [
                "consensus.bam.bai:md5,125978e04496fe193a5c162603a7e6f6"
            ],
            [
                "regions.fa:md5,1953406d913fb0fd753c6b56e847da83"
            ],
            [
                "all_contig_annotations.json:md5,421077f0e3a8b706d49327360f8481e5",
                "cell_barcodes.json:md5,d751713988987e9331980363e24189ce",
                "reference.json:md5,384f6efabad59f6da5c89b862aee71a8"
            ]
        ],
        "meta": {
            "nf-test": "0.8.4",
            "nextflow": "23.10.1"
        },
        "timestamp": "2024-04-18T07:23:39.363171607"
    }
}