{
    "versions": {
        "content": [
            [
                "versions.yml:md5,52c55ce814e8bc9edc5a6c625ed794b8"
            ]
        ],
        "meta": {
            "nf-test": "0.8.4",
            "nextflow": "23.10.1"
        },
        "timestamp": "2024-03-20T21:16:55.817157215"
    },
    "stub": {
        "content": [
            {
                "0": [
                    [
                        {
                            "id": "stub"
                        },
                        [
                            
                        ]
                    ]
                ],
                "1": [
                    "versions.yml:md5,52c55ce814e8bc9edc5a6c625ed794b8"
                ],
                "unzipped_archive": [
                    [
                        {
                            "id": "stub"
                        },
                        [
                            
                        ]
                    ]
                ],
                "versions": [
                    "versions.yml:md5,52c55ce814e8bc9edc5a6c625ed794b8"
                ]
            }
        ],
        "meta": {
            "nf-test": "0.8.4",
            "nextflow": "23.10.1"
        },
        "timestamp": "2024-03-22T19:06:19.408027504"
    },
    "unzipped_archive": {
        "content": [
            [
                [
                    {
                        "id": "hello"
                    },
                    [
                        "hello.tar:md5,80c66db79a773bc87b3346035ff9593e"
                    ]
                ]
            ]
        ],
        "meta": {
            "nf-test": "0.8.4",
            "nextflow": "23.10.1"
        },
        "timestamp": "2024-03-20T21:16:55.802173365"
    }
}