{
    "sarscov2 - bam": {
        "content": [
            {
                "0": [
                    
                ],
                "1": [
                    
                ],
                "2": [
                    
                ],
                "3": [
                    
                ],
                "4": [
                    
                ],
                "5": [
                    
                ],
                "6": [
                    
                ],
                "7": [
                    
                ],
                "8": [
                    
                ],
                "9": [
                    "versions.yml:md5,d759c732b33af95ef94f98c01fcc041b"
                ],
                "axt_gz": [
                    
                ],
                "blast_gz": [
                    
                ],
                "blasttab_gz": [
                    
                ],
                "chain_gz": [
                    
                ],
                "gff_gz": [
                    
                ],
                "html_gz": [
                    
                ],
                "psl_gz": [
                    
                ],
                "sam_gz": [
                    
                ],
                "tab_gz": [
                    
                ],
                "versions": [
                    "versions.yml:md5,d759c732b33af95ef94f98c01fcc041b"
                ]
            }
        ],
        "meta": {
            "nf-test": "0.8.4",
            "nextflow": "24.04.2"
        },
        "timestamp": "2024-06-04T16:57:43.442527"
    }
}