{
    "sarscov2 - contigs - genome": {
        "content": [
            {
                "0": [
                    [
                        {
                            "id": "sarscov2.contigs.genome"
                        },
                        "sarscov2.contigs.genome.maf.gz:md5,caebfb2c47ffb50b1e64d5520dddd5d2"
                    ]
                ],
                "1": [
                    "versions.yml:md5,5bfe6a9059961e1533daf7a021899249"
                ],
                "maf": [
                    [
                        {
                            "id": "sarscov2.contigs.genome"
                        },
                        "sarscov2.contigs.genome.maf.gz:md5,caebfb2c47ffb50b1e64d5520dddd5d2"
                    ]
                ],
                "versions": [
                    "versions.yml:md5,5bfe6a9059961e1533daf7a021899249"
                ]
            }
        ],
        "meta": {
            "nf-test": "0.8.4",
            "nextflow": "24.04.2"
        },
        "timestamp": "2024-06-03T15:21:37.870786"
    }
}