{
    "sarscov2_illumina_paired - fastq_gz": {
        "content": [
            {
                "0": [
                    [
                        {
                            "id": "test",
                            "single_end": false
                        },
                        "test_merged.fastq.gz:md5,7392aacc8636e65f08b7d7de55647c22"
                    ]
                ],
                "1": [
                    [
                        {
                            "id": "test",
                            "single_end": false
                        },
                        [
                            "test_1_unmerged.fastq.gz:md5,32bdd950ba8393c3069a18aecd81f763",
                            "test_2_unmerged.fastq.gz:md5,4f9d4e1aff34739fb0f4706e51c2bc65"
                        ]
                    ]
                ],
                "2": [
                    [
                        {
                            "id": "test",
                            "single_end": false
                        },
                        "test_ihist.txt:md5,710c6563664a8fde42d0d800941add91"
                    ]
                ],
                "3": [
                    "versions.yml:md5,daba7e0cf10dab2c5cdad2d1784a2857"
                ],
                "4": [
                    "test.bbmerge.log:md5,50141eeabef9846959093d56e18e9dee"
                ],
                "ihist": [
                    [
                        {
                            "id": "test",
                            "single_end": false
                        },
                        "test_ihist.txt:md5,710c6563664a8fde42d0d800941add91"
                    ]
                ],
                "log": [
                    "test.bbmerge.log:md5,50141eeabef9846959093d56e18e9dee"
                ],
                "merged": [
                    [
                        {
                            "id": "test",
                            "single_end": false
                        },
                        "test_merged.fastq.gz:md5,7392aacc8636e65f08b7d7de55647c22"
                    ]
                ],
                "unmerged": [
                    [
                        {
                            "id": "test",
                            "single_end": false
                        },
                        [
                            "test_1_unmerged.fastq.gz:md5,32bdd950ba8393c3069a18aecd81f763",
                            "test_2_unmerged.fastq.gz:md5,4f9d4e1aff34739fb0f4706e51c2bc65"
                        ]
                    ]
                ],
                "versions": [
                    "versions.yml:md5,daba7e0cf10dab2c5cdad2d1784a2857"
                ]
            }
        ],
        "meta": {
            "nf-test": "0.8.4",
            "nextflow": "23.10.1"
        },
        "timestamp": "2024-03-21T13:49:40.456796591"
    },
    "sarscov2_illumina_paired - fastq_gz - stub": {
        "content": [
            {
                "0": [
                    [
                        {
                            "id": "test",
                            "single_end": false
                        },
                        "test_merged.fastq.gz:md5,68b329da9893e34099c7d8ad5cb9c940"
                    ]
                ],
                "1": [
                    [
                        {
                            "id": "test",
                            "single_end": false
                        },
                        [
                            "test_1_unmerged.fastq.gz:md5,68b329da9893e34099c7d8ad5cb9c940",
                            "test_2_unmerged.fastq.gz:md5,68b329da9893e34099c7d8ad5cb9c940"
                        ]
                    ]
                ],
                "2": [
                    [
                        {
                            "id": "test",
                            "single_end": false
                        },
                        "test_ihist.txt:md5,d41d8cd98f00b204e9800998ecf8427e"
                    ]
                ],
                "3": [
                    "versions.yml:md5,daba7e0cf10dab2c5cdad2d1784a2857"
                ],
                "4": [
                    "test.bbmerge.log:md5,d41d8cd98f00b204e9800998ecf8427e"
                ],
                "ihist": [
                    [
                        {
                            "id": "test",
                            "single_end": false
                        },
                        "test_ihist.txt:md5,d41d8cd98f00b204e9800998ecf8427e"
                    ]
                ],
                "log": [
                    "test.bbmerge.log:md5,d41d8cd98f00b204e9800998ecf8427e"
                ],
                "merged": [
                    [
                        {
                            "id": "test",
                            "single_end": false
                        },
                        "test_merged.fastq.gz:md5,68b329da9893e34099c7d8ad5cb9c940"
                    ]
                ],
                "unmerged": [
                    [
                        {
                            "id": "test",
                            "single_end": false
                        },
                        [
                            "test_1_unmerged.fastq.gz:md5,68b329da9893e34099c7d8ad5cb9c940",
                            "test_2_unmerged.fastq.gz:md5,68b329da9893e34099c7d8ad5cb9c940"
                        ]
                    ]
                ],
                "versions": [
                    "versions.yml:md5,daba7e0cf10dab2c5cdad2d1784a2857"
                ]
            }
        ],
        "meta": {
            "nf-test": "0.8.4",
            "nextflow": "23.10.1"
        },
        "timestamp": "2024-03-21T13:49:50.058080222"
    }
}