{
    "sarscov2 - contigs_genome": {
        "content": [
            {
                "0": [
                    [
                        {
                            "id": "sarscov.contigs.genome"
                        },
                        "sarscov.contigs.genome.maf.gz:md5,689cb18ff7098ff90eaf87017f590208"
                    ]
                ],
                "1": [
                    "versions.yml:md5,9e429d0800988ae0bbe5000827d34ad1"
                ],
                "maf": [
                    [
                        {
                            "id": "sarscov.contigs.genome"
                        },
                        "sarscov.contigs.genome.maf.gz:md5,689cb18ff7098ff90eaf87017f590208"
                    ]
                ],
                "versions": [
                    "versions.yml:md5,9e429d0800988ae0bbe5000827d34ad1"
                ]
            }
        ],
        "meta": {
            "nf-test": "0.8.4",
            "nextflow": "24.04.2"
        },
        "timestamp": "2024-06-03T11:54:37.122085"
    }
}
