{
    "musmusculus tni expression matrix": {
        "content": [
            {
                "0": [
                    [
                        {
                            "id": "test"
                        },
                        "tni.rds:md5,296d3df75ba6de468efb0cda91b19d96"
                    ]
                ],
                "1": [
                    [
                        {
                            "id": "test"
                        },
                        "tni_permutated.rds:md5,2b7a1256a1d322d581b6bd1552405a70"
                    ]
                ],
                "2": [
                    [
                        {
                            "id": "test"
                        },
                        "tni_bootstrapped.rds:md5,6904abaccf03cafa2d2fefcbc816cc50"
                    ]
                ],
                "3": [
                    [
                        {
                            "id": "test"
                        },
                        "tni_filtered.rds:md5,2f874bf4a325d463078bd5c8f43e17a7"
                    ]
                ],
                "4": [
                    "versions.yml:md5,47835259fd6d638971ddf96b6218ecea"
                ],
                "tni": [
                    [
                        {
                            "id": "test"
                        },
                        "tni.rds:md5,296d3df75ba6de468efb0cda91b19d96"
                    ]
                ],
                "tni_bootstrap": [
                    [
                        {
                            "id": "test"
                        },
                        "tni_bootstrapped.rds:md5,6904abaccf03cafa2d2fefcbc816cc50"
                    ]
                ],
                "tni_filtered": [
                    [
                        {
                            "id": "test"
                        },
                        "tni_filtered.rds:md5,2f874bf4a325d463078bd5c8f43e17a7"
                    ]
                ],
                "tni_perm": [
                    [
                        {
                            "id": "test"
                        },
                        "tni_permutated.rds:md5,2b7a1256a1d322d581b6bd1552405a70"
                    ]
                ],
                "versions": [
                    "versions.yml:md5,47835259fd6d638971ddf96b6218ecea"
                ]
            }
        ],
        "meta": {
            "nf-test": "0.8.4",
            "nextflow": "24.02.0"
        },
        "timestamp": "2024-05-22T12:13:02.01076"
    },
    "musmusculus tni expression matrix - stub": {
        "content": [
            {
                "0": [
                    [
                        {
                            "id": "test"
                        },
                        "tni.rds:md5,d41d8cd98f00b204e9800998ecf8427e"
                    ]
                ],
                "1": [
                    [
                        {
                            "id": "test"
                        },
                        "tni_permutated.rds:md5,d41d8cd98f00b204e9800998ecf8427e"
                    ]
                ],
                "2": [
                    [
                        {
                            "id": "test"
                        },
                        "tni_bootstrapped.rds:md5,d41d8cd98f00b204e9800998ecf8427e"
                    ]
                ],
                "3": [
                    [
                        {
                            "id": "test"
                        },
                        "tni_filtered.rds:md5,d41d8cd98f00b204e9800998ecf8427e"
                    ]
                ],
                "4": [
                    "versions.yml:md5,47835259fd6d638971ddf96b6218ecea"
                ],
                "tni": [
                    [
                        {
                            "id": "test"
                        },
                        "tni.rds:md5,d41d8cd98f00b204e9800998ecf8427e"
                    ]
                ],
                "tni_bootstrap": [
                    [
                        {
                            "id": "test"
                        },
                        "tni_bootstrapped.rds:md5,d41d8cd98f00b204e9800998ecf8427e"
                    ]
                ],
                "tni_filtered": [
                    [
                        {
                            "id": "test"
                        },
                        "tni_filtered.rds:md5,d41d8cd98f00b204e9800998ecf8427e"
                    ]
                ],
                "tni_perm": [
                    [
                        {
                            "id": "test"
                        },
                        "tni_permutated.rds:md5,d41d8cd98f00b204e9800998ecf8427e"
                    ]
                ],
                "versions": [
                    "versions.yml:md5,47835259fd6d638971ddf96b6218ecea"
                ]
            }
        ],
        "meta": {
            "nf-test": "0.8.4",
            "nextflow": "24.02.0"
        },
        "timestamp": "2024-05-22T12:15:01.324884"
    }
}