{
    "human - bam - stub": {
        "content": [
            {
                "0": [
                    [
                        {
                            "id": "test",
                            "single_end": false
                        },
                        [
                            "test_1.fq.gz:md5,68b329da9893e34099c7d8ad5cb9c940",
                            "test_2.fq.gz:md5,68b329da9893e34099c7d8ad5cb9c940"
                        ]
                    ]
                ],
                "1": [
                    
                ],
                "2": [
                    [
                        {
                            "id": "test",
                            "single_end": false
                        },
                        "test_other.fq.gz:md5,68b329da9893e34099c7d8ad5cb9c940"
                    ]
                ],
                "3": [
                    [
                        {
                            "id": "test",
                            "single_end": false
                        },
                        "test_singleton.fq.gz:md5,68b329da9893e34099c7d8ad5cb9c940"
                    ]
                ],
                "4": [
                    "versions.yml:md5,87af9bcdd32d550e7b1e2b995b5fa4aa"
                ],
                "fastq": [
                    [
                        {
                            "id": "test",
                            "single_end": false
                        },
                        [
                            "test_1.fq.gz:md5,68b329da9893e34099c7d8ad5cb9c940",
                            "test_2.fq.gz:md5,68b329da9893e34099c7d8ad5cb9c940"
                        ]
                    ]
                ],
                "fastq_interleaved": [
                    
                ],
                "fastq_other": [
                    [
                        {
                            "id": "test",
                            "single_end": false
                        },
                        "test_other.fq.gz:md5,68b329da9893e34099c7d8ad5cb9c940"
                    ]
                ],
                "fastq_singleton": [
                    [
                        {
                            "id": "test",
                            "single_end": false
                        },
                        "test_singleton.fq.gz:md5,68b329da9893e34099c7d8ad5cb9c940"
                    ]
                ],
                "versions": [
                    "versions.yml:md5,87af9bcdd32d550e7b1e2b995b5fa4aa"
                ]
            }
        ],
        "meta": {
            "nf-test": "0.8.4",
            "nextflow": "24.04.2"
        },
        "timestamp": "2024-06-05T11:01:07.834194502"
    },
    "human - bam - single_end": {
        "content": [
            {
                "0": [
                    [
                        {
                            "id": "test",
                            "single_end": false
                        },
                        [
                            "test_1.fq.gz:md5,d41d8cd98f00b204e9800998ecf8427e",
                            "test_2.fq.gz:md5,d41d8cd98f00b204e9800998ecf8427e"
                        ]
                    ]
                ],
                "1": [
                    
                ],
                "2": [
                    [
                        {
                            "id": "test",
                            "single_end": false
                        },
                        "test_other.fq.gz:md5,d8a935709a2519d0af2b0e28631962f7"
                    ]
                ],
                "3": [
                    [
                        {
                            "id": "test",
                            "single_end": false
                        },
                        "test_singleton.fq.gz:md5,d41d8cd98f00b204e9800998ecf8427e"
                    ]
                ],
                "4": [
                    "versions.yml:md5,87af9bcdd32d550e7b1e2b995b5fa4aa"
                ],
                "fastq": [
                    [
                        {
                            "id": "test",
                            "single_end": false
                        },
                        [
                            "test_1.fq.gz:md5,d41d8cd98f00b204e9800998ecf8427e",
                            "test_2.fq.gz:md5,d41d8cd98f00b204e9800998ecf8427e"
                        ]
                    ]
                ],
                "fastq_interleaved": [
                    
                ],
                "fastq_other": [
                    [
                        {
                            "id": "test",
                            "single_end": false
                        },
                        "test_other.fq.gz:md5,d8a935709a2519d0af2b0e28631962f7"
                    ]
                ],
                "fastq_singleton": [
                    [
                        {
                            "id": "test",
                            "single_end": false
                        },
                        "test_singleton.fq.gz:md5,d41d8cd98f00b204e9800998ecf8427e"
                    ]
                ],
                "versions": [
                    "versions.yml:md5,87af9bcdd32d550e7b1e2b995b5fa4aa"
                ]
            }
        ],
        "meta": {
            "nf-test": "0.8.4",
            "nextflow": "24.04.2"
        },
        "timestamp": "2024-06-05T11:00:08.962384761"
    },
    "human - cram": {
        "content": [
            {
                "0": [
                    [
                        {
                            "id": "test",
                            "single_end": false
                        },
                        [
                            "test_1.fq.gz:md5,1cf671980643af6c1148ae5e8e94e350",
                            "test_2.fq.gz:md5,38c1e9829115f9025f95435c5a4373d3"
                        ]
                    ]
                ],
                "1": [
                    
                ],
                "2": [
                    [
                        {
                            "id": "test",
                            "single_end": false
                        },
                        "test_other.fq.gz:md5,d41d8cd98f00b204e9800998ecf8427e"
                    ]
                ],
                "3": [
                    [
                        {
                            "id": "test",
                            "single_end": false
                        },
                        "test_singleton.fq.gz:md5,d41d8cd98f00b204e9800998ecf8427e"
                    ]
                ],
                "4": [
                    "versions.yml:md5,87af9bcdd32d550e7b1e2b995b5fa4aa"
                ],
                "fastq": [
                    [
                        {
                            "id": "test",
                            "single_end": false
                        },
                        [
                            "test_1.fq.gz:md5,1cf671980643af6c1148ae5e8e94e350",
                            "test_2.fq.gz:md5,38c1e9829115f9025f95435c5a4373d3"
                        ]
                    ]
                ],
                "fastq_interleaved": [
                    
                ],
                "fastq_other": [
                    [
                        {
                            "id": "test",
                            "single_end": false
                        },
                        "test_other.fq.gz:md5,d41d8cd98f00b204e9800998ecf8427e"
                    ]
                ],
                "fastq_singleton": [
                    [
                        {
                            "id": "test",
                            "single_end": false
                        },
                        "test_singleton.fq.gz:md5,d41d8cd98f00b204e9800998ecf8427e"
                    ]
                ],
                "versions": [
                    "versions.yml:md5,87af9bcdd32d550e7b1e2b995b5fa4aa"
                ]
            }
        ],
        "meta": {
            "nf-test": "0.8.4",
            "nextflow": "24.04.2"
        },
        "timestamp": "2024-06-05T11:00:33.881967893"
    },
    "human - bam - paired_end - interleaved": {
        "content": [
            {
                "0": [
                    
                ],
                "1": [
                    [
                        {
                            "id": "test",
                            "single_end": false
                        },
                        "test_interleaved.fq:md5,4f2b93d492f0442fa89b02532c9b3530"
                    ]
                ],
                "2": [
                    [
                        {
                            "id": "test",
                            "single_end": false
                        },
                        "test_other.fq.gz:md5,d41d8cd98f00b204e9800998ecf8427e"
                    ]
                ],
                "3": [
                    
                ],
                "4": [
                    "versions.yml:md5,87af9bcdd32d550e7b1e2b995b5fa4aa"
                ],
                "fastq": [
                    
                ],
                "fastq_interleaved": [
                    [
                        {
                            "id": "test",
                            "single_end": false
                        },
                        "test_interleaved.fq:md5,4f2b93d492f0442fa89b02532c9b3530"
                    ]
                ],
                "fastq_other": [
                    [
                        {
                            "id": "test",
                            "single_end": false
                        },
                        "test_other.fq.gz:md5,d41d8cd98f00b204e9800998ecf8427e"
                    ]
                ],
                "fastq_singleton": [
                    
                ],
                "versions": [
                    "versions.yml:md5,87af9bcdd32d550e7b1e2b995b5fa4aa"
                ]
            }
        ],
        "meta": {
            "nf-test": "0.8.4",
            "nextflow": "24.04.2"
        },
        "timestamp": "2024-06-05T11:17:28.134397088"
    },
    "human - bam - paired_end": {
        "content": [
            {
                "0": [
                    [
                        {
                            "id": "test",
                            "single_end": false
                        },
                        [
                            "test_1.fq.gz:md5,1cf671980643af6c1148ae5e8e94e350",
                            "test_2.fq.gz:md5,38c1e9829115f9025f95435c5a4373d3"
                        ]
                    ]
                ],
                "1": [
                    
                ],
                "2": [
                    [
                        {
                            "id": "test",
                            "single_end": false
                        },
                        "test_other.fq.gz:md5,d41d8cd98f00b204e9800998ecf8427e"
                    ]
                ],
                "3": [
                    [
                        {
                            "id": "test",
                            "single_end": false
                        },
                        "test_singleton.fq.gz:md5,d41d8cd98f00b204e9800998ecf8427e"
                    ]
                ],
                "4": [
                    "versions.yml:md5,87af9bcdd32d550e7b1e2b995b5fa4aa"
                ],
                "fastq": [
                    [
                        {
                            "id": "test",
                            "single_end": false
                        },
                        [
                            "test_1.fq.gz:md5,1cf671980643af6c1148ae5e8e94e350",
                            "test_2.fq.gz:md5,38c1e9829115f9025f95435c5a4373d3"
                        ]
                    ]
                ],
                "fastq_interleaved": [
                    
                ],
                "fastq_other": [
                    [
                        {
                            "id": "test",
                            "single_end": false
                        },
                        "test_other.fq.gz:md5,d41d8cd98f00b204e9800998ecf8427e"
                    ]
                ],
                "fastq_singleton": [
                    [
                        {
                            "id": "test",
                            "single_end": false
                        },
                        "test_singleton.fq.gz:md5,d41d8cd98f00b204e9800998ecf8427e"
                    ]
                ],
                "versions": [
                    "versions.yml:md5,87af9bcdd32d550e7b1e2b995b5fa4aa"
                ]
            }
        ],
        "meta": {
            "nf-test": "0.8.4",
            "nextflow": "24.04.2"
        },
        "timestamp": "2024-06-05T10:59:51.200383553"
    }
}