{
    "sarscov2 - bam - stub": {
        "content": [
            {
                "0": [
                    
                ],
                "1": [
                    
                ],
                "vcf": [
                    
                ],
                "versions": [
                    
                ]
            }
        ],
        "meta": {
            "nf-test": "0.8.4",
            "nextflow": "23.10.1"
        },
        "timestamp": "2024-06-16T05:01:02.37044703"
    },
    "sarscov2 - bam": {
        "content": [
            {
                "0": [
                    
                ],
                "1": [
                    
                ],
                "vcf": [
                    
                ],
                "versions": [
                    
                ]
            }
        ],
        "meta": {
            "nf-test": "0.8.4",
            "nextflow": "23.10.1"
        },
        "timestamp": "2024-06-16T05:00:52.108250388"
    }
}