{
    "chrI": {
        "content": [
            {
                "0": [
                    [
                        {
                            "id": "fust1",
                            "single_end": false
                        },
                        "fust1.gtf:md5,bae6b703dd914cb29c9a6a5537590b13"
                    ]
                ],
                "1": [
                    [
                        "CIRIerror.log:md5,d41d8cd98f00b204e9800998ecf8427e",
                        [
                            "fust1.sorted.bam:md5,597b93572c2f28baf2c4ca1613c7de01",
                            "fust1.sorted.bam.bai:md5,b446d5fe2197aa56ccf62f4e02b7daac"
                        ],
                        [
                            "fust1.ciri:md5,ad8d1f86c313898c8a1db0f44716eb15",
                            "fust1_denovo.sorted.bam:md5,f53576a9f828e2a11dbc3e9c92f79e56",
                            "fust1_denovo.sorted.bam.bai:md5,4dd41bfc216ae7f3d6f39d8dcf549ddc",
                            "fust1_index.1.ht2:md5,615b3eb3e7f1bf2d0db1d76ad074ad47",
                            "fust1_index.2.ht2:md5,de058f777657c8980399a2ba75e87f4f",
                            "fust1_index.3.ht2:md5,3608c8d83f4f71db4ea5f82c9126eb82",
                            "fust1_index.4.ht2:md5,8274a66a4bcce6431b2cc9f76218d503",
                            "fust1_index.5.ht2:md5,ff3d3ecce372af6227ba34c5864814df",
                            "fust1_index.6.ht2:md5,7d1fd2da909974b2e5fc8365caac7cd2",
                            "fust1_index.7.ht2:md5,9013eccd91ad614d7893c739275a394f",
                            "fust1_index.8.ht2:md5,33cdeccccebe80329f1fdbee7f5874cb",
                            "fust1_index.fa:md5,4ed76e85d398354e21200ff373822771"
                        ],
                        "fust1.bed:md5,36cb4ebdb1de162f6c6a7e6dd7b1de97",
                        "fust1.gtf:md5,bae6b703dd914cb29c9a6a5537590b13",
                        "fust1.log:md5,f9fada91fd19538ce8ed515963a1d76f"
                    ]
                ],
                "2": [
                    "versions.yml:md5,3cd3fb4b1cf0b04df6bcef590678d8d7"
                ],
                "gtf": [
                    [
                        {
                            "id": "fust1",
                            "single_end": false
                        },
                        "fust1.gtf:md5,bae6b703dd914cb29c9a6a5537590b13"
                    ]
                ],
                "results": [
                    [
                        "CIRIerror.log:md5,d41d8cd98f00b204e9800998ecf8427e",
                        [
                            "fust1.sorted.bam:md5,597b93572c2f28baf2c4ca1613c7de01",
                            "fust1.sorted.bam.bai:md5,b446d5fe2197aa56ccf62f4e02b7daac"
                        ],
                        [
                            "fust1.ciri:md5,ad8d1f86c313898c8a1db0f44716eb15",
                            "fust1_denovo.sorted.bam:md5,f53576a9f828e2a11dbc3e9c92f79e56",
                            "fust1_denovo.sorted.bam.bai:md5,4dd41bfc216ae7f3d6f39d8dcf549ddc",
                            "fust1_index.1.ht2:md5,615b3eb3e7f1bf2d0db1d76ad074ad47",
                            "fust1_index.2.ht2:md5,de058f777657c8980399a2ba75e87f4f",
                            "fust1_index.3.ht2:md5,3608c8d83f4f71db4ea5f82c9126eb82",
                            "fust1_index.4.ht2:md5,8274a66a4bcce6431b2cc9f76218d503",
                            "fust1_index.5.ht2:md5,ff3d3ecce372af6227ba34c5864814df",
                            "fust1_index.6.ht2:md5,7d1fd2da909974b2e5fc8365caac7cd2",
                            "fust1_index.7.ht2:md5,9013eccd91ad614d7893c739275a394f",
                            "fust1_index.8.ht2:md5,33cdeccccebe80329f1fdbee7f5874cb",
                            "fust1_index.fa:md5,4ed76e85d398354e21200ff373822771"
                        ],
                        "fust1.bed:md5,36cb4ebdb1de162f6c6a7e6dd7b1de97",
                        "fust1.gtf:md5,bae6b703dd914cb29c9a6a5537590b13",
                        "fust1.log:md5,f9fada91fd19538ce8ed515963a1d76f"
                    ]
                ],
                "versions": [
                    "versions.yml:md5,3cd3fb4b1cf0b04df6bcef590678d8d7"
                ]
            }
        ],
        "meta": {
            "nf-test": "0.8.4",
            "nextflow": "24.04.2"
        },
        "timestamp": "2024-06-07T10:02:57.947633682"
    },
    "chrI - stub": {
        "content": [
            {
                "0": [
                    [
                        {
                            "id": "fust1",
                            "single_end": false
                        },
                        "fust1.gtf:md5,d41d8cd98f00b204e9800998ecf8427e"
                    ]
                ],
                "1": [
                    [
                        "fust1.gtf:md5,d41d8cd98f00b204e9800998ecf8427e"
                    ]
                ],
                "2": [
                    "versions.yml:md5,3cd3fb4b1cf0b04df6bcef590678d8d7"
                ],
                "gtf": [
                    [
                        {
                            "id": "fust1",
                            "single_end": false
                        },
                        "fust1.gtf:md5,d41d8cd98f00b204e9800998ecf8427e"
                    ]
                ],
                "results": [
                    [
                        "fust1.gtf:md5,d41d8cd98f00b204e9800998ecf8427e"
                    ]
                ],
                "versions": [
                    "versions.yml:md5,3cd3fb4b1cf0b04df6bcef590678d8d7"
                ]
            }
        ],
        "meta": {
            "nf-test": "0.8.4",
            "nextflow": "24.04.2"
        },
        "timestamp": "2024-06-07T10:03:42.746010943"
    }
}