{
    "bacteroides_fragilis - gbff - stub": {
        "content": [
            [
                "versions.yml:md5,d26f11b7160b164c45b7e1acc4c667b6"
            ]
        ],
        "meta": {
            "nf-test": "0.8.4",
            "nextflow": "23.10.1"
        },
        "timestamp": "2024-03-19T14:35:03.378235023"
    },
    "bacteroides_fragilis - gbff": {
        "content": [
            [
                "versions.yml:md5,d26f11b7160b164c45b7e1acc4c667b6"
            ]
        ],
        "meta": {
            "nf-test": "0.8.4",
            "nextflow": "23.10.1"
        },
        "timestamp": "2024-03-19T14:34:56.397801796"
    }
}