{
    "homo_sapiens - illumina - mutect - bam": {
        "content": [
            [
                [
                    {
                        "id": "test"
                    },
                    "test.csv:md5,8ee362ea7e7dd06f9fd8c49488639aa5"
                ]
            ],
            [
                "versions.yml:md5,5f1ad53eeda4d3e0cacbbf6a6e1b550f"
            ]
        ],
        "meta": {
            "nf-test": "0.8.4",
            "nextflow": "23.10.1"
        },
        "timestamp": "2024-06-14T16:08:17.887576"
    },
    "homo_sapiens - illumina - mutect - stub": {
        "content": [
            [
                [
                    {
                        "id": "test"
                    },
                    "test.csv:md5,d41d8cd98f00b204e9800998ecf8427e"
                ]
            ],
            [
                "versions.yml:md5,5f1ad53eeda4d3e0cacbbf6a6e1b550f"
            ]
        ],
        "meta": {
            "nf-test": "0.8.4",
            "nextflow": "23.10.1"
        },
        "timestamp": "2024-06-14T15:44:34.252351"
    },
    "homo_sapiens - illumina - mutect": {
        "content": [
            [
                [
                    {
                        "id": "test"
                    },
                    "test.csv:md5,4487d0e924f40cce38032af4c9387d17"
                ]
            ],
            [
                "versions.yml:md5,5f1ad53eeda4d3e0cacbbf6a6e1b550f"
            ]
        ],
        "meta": {
            "nf-test": "0.8.4",
            "nextflow": "23.10.1"
        },
        "timestamp": "2024-06-14T16:01:11.082867"
    }
}