{
    "homo_sapiens - single_end": {
        "content": [
            {
                "0": [
                    [
                        {
                            "id": "test",
                            "single_end": true
                        },
                        "test.fusions.tsv:md5,7c3383f7eb6d79b84b0bd30a7ef02d70"
                    ]
                ],
                "1": [
                    [
                        {
                            "id": "test",
                            "single_end": true
                        },
                        "test.fusions.discarded.tsv:md5,a35962c2fc4bc31321dde993363e71f1"
                    ]
                ],
                "2": [
                    "versions.yml:md5,d323796555db4a58fe4c6bc08d1dec30"
                ],
                "fusions": [
                    [
                        {
                            "id": "test",
                            "single_end": true
                        },
                        "test.fusions.tsv:md5,7c3383f7eb6d79b84b0bd30a7ef02d70"
                    ]
                ],
                "fusions_fail": [
                    [
                        {
                            "id": "test",
                            "single_end": true
                        },
                        "test.fusions.discarded.tsv:md5,a35962c2fc4bc31321dde993363e71f1"
                    ]
                ],
                "versions": [
                    "versions.yml:md5,d323796555db4a58fe4c6bc08d1dec30"
                ]
            }
        ],
        "meta": {
            "nf-test": "0.8.4",
            "nextflow": "23.10.1"
        },
        "timestamp": "2024-04-29T08:56:43.739605934"
    },
    "homo_sapiens - paired_end": {
        "content": [
            {
                "0": [
                    [
                        {
                            "id": "test",
                            "single_end": false
                        },
                        "test.fusions.tsv:md5,7c3383f7eb6d79b84b0bd30a7ef02d70"
                    ]
                ],
                "1": [
                    [
                        {
                            "id": "test",
                            "single_end": false
                        },
                        "test.fusions.discarded.tsv:md5,445cb87a27f063e751f93498cf8d10b5"
                    ]
                ],
                "2": [
                    "versions.yml:md5,d323796555db4a58fe4c6bc08d1dec30"
                ],
                "fusions": [
                    [
                        {
                            "id": "test",
                            "single_end": false
                        },
                        "test.fusions.tsv:md5,7c3383f7eb6d79b84b0bd30a7ef02d70"
                    ]
                ],
                "fusions_fail": [
                    [
                        {
                            "id": "test",
                            "single_end": false
                        },
                        "test.fusions.discarded.tsv:md5,445cb87a27f063e751f93498cf8d10b5"
                    ]
                ],
                "versions": [
                    "versions.yml:md5,d323796555db4a58fe4c6bc08d1dec30"
                ]
            }
        ],
        "meta": {
            "nf-test": "0.8.4",
            "nextflow": "23.10.1"
        },
        "timestamp": "2024-04-29T08:59:40.552343349"
    },
    "homo_sapiens - paired_end - stub": {
        "content": [
            {
                "0": [
                    [
                        {
                            "id": "test",
                            "single_end": false
                        },
                        "test.fusions.tsv:md5,f50b84b1db4b83ba62ec1deacc69c260"
                    ]
                ],
                "1": [
                    [
                        {
                            "id": "test",
                            "single_end": false
                        },
                        "test.fusions.discarded.tsv:md5,f50b84b1db4b83ba62ec1deacc69c260"
                    ]
                ],
                "2": [
                    "versions.yml:md5,d323796555db4a58fe4c6bc08d1dec30"
                ],
                "fusions": [
                    [
                        {
                            "id": "test",
                            "single_end": false
                        },
                        "test.fusions.tsv:md5,f50b84b1db4b83ba62ec1deacc69c260"
                    ]
                ],
                "fusions_fail": [
                    [
                        {
                            "id": "test",
                            "single_end": false
                        },
                        "test.fusions.discarded.tsv:md5,f50b84b1db4b83ba62ec1deacc69c260"
                    ]
                ],
                "versions": [
                    "versions.yml:md5,d323796555db4a58fe4c6bc08d1dec30"
                ]
            }
        ],
        "meta": {
            "nf-test": "0.8.4",
            "nextflow": "23.10.1"
        },
        "timestamp": "2024-04-29T08:33:36.830558897"
    }
}