{
    "fasta_gtf_versions": {
        "content": [
            [
                "versions.yml:md5,13ba30cd737359c7c1c06e6f87d22dd4"
            ]
        ],
        "meta": {
            "nf-test": "0.8.4",
            "nextflow": "24.04.1"
        },
        "timestamp": "2024-05-23T14:31:58.698419242"
    },
    "fasta_stub_versions": {
        "content": [
            [
                "versions.yml:md5,13ba30cd737359c7c1c06e6f87d22dd4"
            ]
        ],
        "meta": {
            "nf-test": "0.8.4",
            "nextflow": "24.04.1"
        },
        "timestamp": "2024-05-23T14:32:38.2079617"
    },
    "fasta_gtf_stub_index": {
        "content": [
            "[Genome, Log.out, SA, SAindex, chrLength.txt, chrName.txt, chrNameLength.txt, chrStart.txt, exonGeTrInfo.tab, exonInfo.tab, geneInfo.tab, genomeParameters.txt, sjdbInfo.txt, sjdbList.fromGTF.out.tab, sjdbList.out.tab, transcriptInfo.tab]"
        ],
        "meta": {
            "nf-test": "0.8.4",
            "nextflow": "23.04.3"
        },
        "timestamp": "2024-02-01T15:54:46.478098"
    },
    "fasta_gtf_stub_versions": {
        "content": [
            [
                "versions.yml:md5,13ba30cd737359c7c1c06e6f87d22dd4"
            ]
        ],
        "meta": {
            "nf-test": "0.8.4",
            "nextflow": "24.04.1"
        },
        "timestamp": "2024-05-23T14:32:09.985868527"
    },
    "fasta_index": {
        "content": [
            "[Genome, Log.out, SA, SAindex, chrLength.txt, chrName.txt, chrNameLength.txt, chrStart.txt, genomeParameters.txt]"
        ],
        "meta": {
            "nf-test": "0.8.4",
            "nextflow": "23.04.3"
        },
        "timestamp": "2024-02-01T15:54:57.552329"
    },
    "fasta_versions": {
        "content": [
            [
                "versions.yml:md5,13ba30cd737359c7c1c06e6f87d22dd4"
            ]
        ],
        "meta": {
            "nf-test": "0.8.4",
            "nextflow": "24.04.1"
        },
        "timestamp": "2024-05-23T14:32:27.53914085"
    },
    "fasta_gtf_index": {
        "content": [
            "[Genome, Log.out, SA, SAindex, chrLength.txt, chrName.txt, chrNameLength.txt, chrStart.txt, exonGeTrInfo.tab, exonInfo.tab, geneInfo.tab, genomeParameters.txt, sjdbInfo.txt, sjdbList.fromGTF.out.tab, sjdbList.out.tab, transcriptInfo.tab]"
        ],
        "meta": {
            "nf-test": "0.8.4",
            "nextflow": "23.04.3"
        },
        "timestamp": "2024-02-01T15:54:31.786814"
    },
    "fasta_stub_index": {
        "content": [
            "[Genome, Log.out, SA, SAindex, chrLength.txt, chrName.txt, chrNameLength.txt, chrStart.txt, genomeParameters.txt]"
        ],
        "meta": {
            "nf-test": "0.8.4",
            "nextflow": "23.04.3"
        },
        "timestamp": "2024-02-01T15:55:07.517472"
    }
}