{
    "versions": {
        "content": [
            [
                "versions.yml:md5,1f594a9a1d1fc1fb1803a116de432465"
            ]
        ],
        "meta": {
            "nf-test": "0.8.4",
            "nextflow": "23.10.1"
        },
        "timestamp": "2024-03-19T16:30:19.351166"
    },
    "tsv": {
        "content": [
            [
                [
                    {
                        "id": "test"
                    },
                    "test.tsv:md5,56b545110721589ea7e0ad5443f68743"
                ]
            ]
        ],
        "meta": {
            "nf-test": "0.8.4",
            "nextflow": "23.10.1"
        },
        "timestamp": "2024-03-19T16:30:19.325275"
    },
    "gmt": {
        "content": [
            [
                [
                    {
                        "id": "test"
                    },
                    "test.gmt:md5,3084e411ed66e2d0f809e8f0b41213a5"
                ]
            ]
        ],
        "meta": {
            "nf-test": "0.8.4",
            "nextflow": "23.10.1"
        },
        "timestamp": "2024-03-19T16:30:19.341297"
    }
}