{
    "mus_musculus - fastq": {
        "content": [
            [
                "versions.yml:md5,8fd54f61f3c77976003f79397f6b12d9"
            ],
            "sgRNA\tGene\ttest\ttest2"
        ],
        "meta": {
            "nf-test": "0.8.4",
            "nextflow": "24.04.2"
        },
        "timestamp": "2024-06-14T14:16:26.720987"
    },
    "mus_musculus - fastq - stub": {
        "content": [
            {
                "0": [
                    [
                        {
                            "id": "test,test2",
                            "single_end": true
                        },
                        "count_table.count_normalized.txt:md5,d41d8cd98f00b204e9800998ecf8427e"
                    ]
                ],
                "1": [
                    [
                        {
                            "id": "test,test2",
                            "single_end": true
                        },
                        "count_table.count_normalized.txt:md5,d41d8cd98f00b204e9800998ecf8427e"
                    ]
                ],
                "2": [
                    "versions.yml:md5,8fd54f61f3c77976003f79397f6b12d9"
                ],
                "count": [
                    [
                        {
                            "id": "test,test2",
                            "single_end": true
                        },
                        "count_table.count_normalized.txt:md5,d41d8cd98f00b204e9800998ecf8427e"
                    ]
                ],
                "norm": [
                    [
                        {
                            "id": "test,test2",
                            "single_end": true
                        },
                        "count_table.count_normalized.txt:md5,d41d8cd98f00b204e9800998ecf8427e"
                    ]
                ],
                "versions": [
                    "versions.yml:md5,8fd54f61f3c77976003f79397f6b12d9"
                ]
            }
        ],
        "meta": {
            "nf-test": "0.8.4",
            "nextflow": "24.04.2"
        },
        "timestamp": "2024-06-14T14:16:34.058535"
    }
}