{
    "test_fastq_align_bwamem2_PE": {
        "content": [
            "test.bam",
            [
                
            ],
            [
                
            ],
            [
                "versions.yml:md5,75a13fa44ba2be2f448197c66a0f33bd"
            ]
        ],
        "meta": {
            "nf-test": "0.8.4",
            "nextflow": "24.04.1"
        },
        "timestamp": "2024-05-23T15:06:10.13991037"
    },
    "test_fastq_align_dragmap_PE": {
        "content": [
            "test.bam",
            [
                "decompHashTableCtxInit...",
                "decompHashTableHeader...",
                "decompHashTableLiterals...",
                "decompHashTableExtIndex...",
                "decompHashTableAutoHits...",
                "decompHashTableSetFlags..."
            ],
            "versions.yml"
        ],
        "meta": {
            "nf-test": "0.8.4",
            "nextflow": "24.04.1"
        },
        "timestamp": "2024-05-23T15:06:36.040122646"
    },
    "test_fastq_align_bwa_mem_SE": {
        "content": [
            "test.bam",
            [
                
            ],
            [
                
            ],
            [
                "versions.yml:md5,849e10efea643335b397cf85c0512df6"
            ]
        ],
        "meta": {
            "nf-test": "0.8.4",
            "nextflow": "24.04.1"
        },
        "timestamp": "2024-05-23T15:05:12.523661312"
    },
    "test_fastq_align_bwamem2_SE": {
        "content": [
            "test.bam",
            [
                
            ],
            [
                
            ],
            [
                "versions.yml:md5,75a13fa44ba2be2f448197c66a0f33bd"
            ]
        ],
        "meta": {
            "nf-test": "0.8.4",
            "nextflow": "24.04.1"
        },
        "timestamp": "2024-05-23T15:05:48.938737987"
    },
    "test_fastq_align_bowtie2_SE": {
        "content": [
            "test.bam",
            "versions.yml:md5,58966b8763c923187ed92d2c99663af9"
        ],
        "meta": {
            "nf-test": "0.8.4",
            "nextflow": "24.04.1"
        },
        "timestamp": "2024-05-23T15:04:44.894589426"
    },
    "test_fastq_align_bwa_mem_PE": {
        "content": [
            "test.bam",
            [
                
            ],
            [
                
            ],
            [
                "versions.yml:md5,849e10efea643335b397cf85c0512df6"
            ]
        ],
        "meta": {
            "nf-test": "0.8.4",
            "nextflow": "24.04.1"
        },
        "timestamp": "2024-05-23T15:05:31.437053459"
    },
    "test_fastq_align_dragmap_SE": {
        "content": [
            "test.bam",
            [
                "decompHashTableCtxInit...",
                "decompHashTableHeader...",
                "decompHashTableLiterals...",
                "decompHashTableExtIndex...",
                "decompHashTableAutoHits...",
                "decompHashTableSetFlags..."
            ],
            "versions.yml"
        ],
        "meta": {
            "nf-test": "0.8.4",
            "nextflow": "24.04.1"
        },
        "timestamp": "2024-05-23T15:06:22.944315586"
    },
    "test_fastq_align_bowtie2_PE": {
        "content": [
            "test.bam",
            "versions.yml:md5,58966b8763c923187ed92d2c99663af9"
        ],
        "meta": {
            "nf-test": "0.8.4",
            "nextflow": "24.04.1"
        },
        "timestamp": "2024-05-23T15:04:59.179472466"
    },
    "test_fastq_align_snapaligner_PE": {
        "content": [
            {
                "0": [
                    [
                        {
                            "id": "test",
                            "single_end": false
                        },
                        "test.bam:md5,1f4f6c38e40ddd5da7f644bb0f794aa8"
                    ]
                ],
                "1": [
                    
                ],
                "2": [
                    
                ],
                "3": [
                    "versions.yml:md5,ef9883fd373e293fbf6a98985d3c0308"
                ],
                "bam": [
                    [
                        {
                            "id": "test",
                            "single_end": false
                        },
                        "test.bam:md5,1f4f6c38e40ddd5da7f644bb0f794aa8"
                    ]
                ],
                "bam_index": [
                    
                ],
                "reports": [
                    
                ],
                "versions": [
                    "versions.yml:md5,ef9883fd373e293fbf6a98985d3c0308"
                ]
            }
        ],
        "meta": {
            "nf-test": "0.8.4",
            "nextflow": "24.04.1"
        },
        "timestamp": "2024-05-23T15:07:01.489066659"
    },
    "test_fastq_align_snapaligner_SE": {
        "content": [
            {
                "0": [
                    [
                        {
                            "id": "test",
                            "single_end": true
                        },
                        "test.bam:md5,6b3188b8e48ec5c155cfe02b9a24d37a"
                    ]
                ],
                "1": [
                    
                ],
                "2": [
                    
                ],
                "3": [
                    "versions.yml:md5,ef9883fd373e293fbf6a98985d3c0308"
                ],
                "bam": [
                    [
                        {
                            "id": "test",
                            "single_end": true
                        },
                        "test.bam:md5,6b3188b8e48ec5c155cfe02b9a24d37a"
                    ]
                ],
                "bam_index": [
                    
                ],
                "reports": [
                    
                ],
                "versions": [
                    "versions.yml:md5,ef9883fd373e293fbf6a98985d3c0308"
                ]
            }
        ],
        "meta": {
            "nf-test": "0.8.4",
            "nextflow": "24.04.1"
        },
        "timestamp": "2024-05-23T15:06:49.416201701"
    }
}