{
    "homo_sapiens - paired_end": {
        "content": [
            [
                [
                    {
                        "id": "test_starsolo",
                        "umi_len": "12"
                    },
                    [
                        "Barcodes.stats:md5,4c9c5e67e4f55e6eebd040eba4c9224b",
                        [
                            "Features.stats:md5,7accf6498d4d910523ae66056a1c7e06",
                            "Summary.csv:md5,84d031c3083ae44cfa1984733b4875b7",
                            "UMIperCellSorted.txt:md5,65eab5a93b8411094193a643f5d2ab37",
                            [
                                "barcodes.tsv.gz:md5,285d09e1edce3b03c3304d72ec40d71b",
                                "features.tsv.gz:md5,7f05863a60b0ef33073ca1833f27c497",
                                "matrix.mtx.gz:md5,83aab899e08867dda0dac194a37dd6bf"
                            ],
                            [
                                "barcodes.tsv.gz:md5,285d09e1edce3b03c3304d72ec40d71b",
                                "features.tsv.gz:md5,7f05863a60b0ef33073ca1833f27c497",
                                "matrix.mtx.gz:md5,83aab899e08867dda0dac194a37dd6bf"
                            ]
                        ]
                    ]
                ]
            ],
            true,
            true,
            true,
            [
                [
                    {
                        "id": "test_starsolo",
                        "umi_len": "12"
                    },
                    "Summary.csv:md5,84d031c3083ae44cfa1984733b4875b7"
                ]
            ],
            [
                "versions.yml:md5,76338242734efd95522d38a57470c3ac"
            ]
        ],
        "meta": {
            "nf-test": "0.8.4",
            "nextflow": "23.10.1"
        },
        "timestamp": "2024-04-26T10:13:10.700753662"
    },
    "homo_sapiens - paired_end - stub": {
        "content": [
            [
                [
                    {
                        "id": "test_starsolo",
                        "umi_len": "12"
                    },
                    [
                        "Barcodes.stats:md5,d41d8cd98f00b204e9800998ecf8427e",
                        [
                            "Summary.csv:md5,d41d8cd98f00b204e9800998ecf8427e"
                        ]
                    ]
                ]
            ],
            true,
            true,
            true,
            [
                [
                    {
                        "id": "test_starsolo",
                        "umi_len": "12"
                    },
                    "Summary.csv:md5,d41d8cd98f00b204e9800998ecf8427e"
                ]
            ],
            [
                "versions.yml:md5,76338242734efd95522d38a57470c3ac"
            ]
        ],
        "meta": {
            "nf-test": "0.8.4",
            "nextflow": "23.10.1"
        },
        "timestamp": "2024-04-26T10:13:26.4822263"
    }
}