{
    "sarscov2 - [bam, []], fasta, true": {
        "content": [
            [
                [
                    {
                        "id": "test"
                    },
                    "test.vcf.gz:md5,ab2b7426c726e010e4d43a23a4e8bd87"
                ]
            ],
            [
                [
                    {
                        "id": "test"
                    },
                    "test.vcf.gz.tbi:md5,34cb2eeb73f4d2b98218acecebd92704"
                ]
            ],
            [
                [
                    {
                        "id": "test"
                    },
                    "test.bcftools_stats.txt:md5,a988fbcd2ea5d1ce30970dcb60a77ed7"
                ]
            ],
            [
                [
                    {
                        "id": "test"
                    },
                    "test.mpileup.gz:md5,c549f6fe3af738567e5b813e0f94149e"
                ]
            ],
            [
                "versions.yml:md5,e09c59d941374bb293aadc36e2f29dbf"
            ]
        ],
        "meta": {
            "nf-test": "0.8.4",
            "nextflow": "23.10.1"
        },
        "timestamp": "2024-04-22T16:46:21.992349"
    },
    "sarscov2 - [bam, bed], fasta, false": {
        "content": [
            [
                [
                    {
                        "id": "test"
                    },
                    "test.vcf.gz:md5,24c7ff4d63af45f4c2fff06b176af99f"
                ]
            ],
            [
                [
                    {
                        "id": "test"
                    },
                    "test.vcf.gz.tbi:md5,3785df15f3d7faf35f3ad70d167a50f7"
                ]
            ],
            [
                [
                    {
                        "id": "test"
                    },
                    "test.bcftools_stats.txt:md5,f8c5ab149c4bf0e5f51c518346cb87b5"
                ]
            ],
            [
                
            ],
            [
                "versions.yml:md5,e09c59d941374bb293aadc36e2f29dbf"
            ]
        ],
        "meta": {
            "nf-test": "0.8.4",
            "nextflow": "23.10.1"
        },
        "timestamp": "2024-04-22T16:46:28.715344"
    },
    "sarscov2 - [bam, []], fasta, false": {
        "content": [
            [
                [
                    {
                        "id": "test"
                    },
                    "test.vcf.gz:md5,ab2b7426c726e010e4d43a23a4e8bd87"
                ]
            ],
            [
                [
                    {
                        "id": "test"
                    },
                    "test.vcf.gz.tbi:md5,34cb2eeb73f4d2b98218acecebd92704"
                ]
            ],
            [
                [
                    {
                        "id": "test"
                    },
                    "test.bcftools_stats.txt:md5,a988fbcd2ea5d1ce30970dcb60a77ed7"
                ]
            ],
            [
                
            ],
            [
                "versions.yml:md5,e09c59d941374bb293aadc36e2f29dbf"
            ]
        ],
        "meta": {
            "nf-test": "0.8.4",
            "nextflow": "23.10.1"
        },
        "timestamp": "2024-04-22T16:46:15.1839"
    }
}