{
    "versions": {
        "content": [
            [
                "versions.yml:md5,5568819fdcb4b0b9fffccf6e4c169bf1"
            ]
        ],
        "meta": {
            "nf-test": "0.8.4",
            "nextflow": "23.10.1"
        },
        "timestamp": "2024-03-22T18:28:49.344059104"
    },
    "stub": {
        "content": [
            {
                "0": [
                    [
                        {
                            "id": "stub"
                        },
                        "hello.txt:md5,d41d8cd98f00b204e9800998ecf8427e"
                    ]
                ],
                "1": [
                    "versions.yml:md5,5568819fdcb4b0b9fffccf6e4c169bf1"
                ],
                "files": [
                    [
                        {
                            "id": "stub"
                        },
                        "hello.txt:md5,d41d8cd98f00b204e9800998ecf8427e"
                    ]
                ],
                "versions": [
                    "versions.yml:md5,5568819fdcb4b0b9fffccf6e4c169bf1"
                ]
            }
        ],
        "meta": {
            "nf-test": "0.8.4",
            "nextflow": "23.10.1"
        },
        "timestamp": "2024-03-22T18:50:14.052483024"
    },
    "files": {
        "content": [
            [
                [
                    {
                        "id": "hello"
                    },
                    "hello.tar:md5,80c66db79a773bc87b3346035ff9593e"
                ]
            ]
        ],
        "meta": {
            "nf-test": "0.8.4",
            "nextflow": "23.10.1"
        },
        "timestamp": "2024-03-22T18:28:49.292436366"
    }
}