{
    "homo_cram_map": {
        "content": [
            {
                "0": [
                    [
                        {
                            "id": "test",
                            "single_end": false
                        },
                        "test.pretext:md5,ae0f18b472e39de970fdc1aebc0f3f8d"
                    ]
                ],
                "1": [
                    "versions.yml:md5,894afb81509c847f7d9a58885e086b5c"
                ],
                "pretext": [
                    [
                        {
                            "id": "test",
                            "single_end": false
                        },
                        "test.pretext:md5,ae0f18b472e39de970fdc1aebc0f3f8d"
                    ]
                ],
                "versions": [
                    "versions.yml:md5,894afb81509c847f7d9a58885e086b5c"
                ]
            }
        ],
        "timestamp": "2024-03-19T13:06:28.094024"
    },
    "homo_cram_map_stub": {
        "content": [
            {
                "0": [
                    [
                        {
                            "id": "test",
                            "single_end": false
                        },
                        "test.pretext:md5,d41d8cd98f00b204e9800998ecf8427e"
                    ]
                ],
                "1": [
                    "versions.yml:md5,894afb81509c847f7d9a58885e086b5c"
                ],
                "pretext": [
                    [
                        {
                            "id": "test",
                            "single_end": false
                        },
                        "test.pretext:md5,d41d8cd98f00b204e9800998ecf8427e"
                    ]
                ],
                "versions": [
                    "versions.yml:md5,894afb81509c847f7d9a58885e086b5c"
                ]
            }
        ],
        "timestamp": "2024-03-19T13:15:54.206907"
    },
    "mapped_pairs_map": {
        "content": [
            {
                "0": [
                    [
                        {
                            "id": "test",
                            "single_end": false
                        },
                        "test.pretext:md5,b47be7fd285a2de68643f73f85ba84f1"
                    ]
                ],
                "1": [
                    "versions.yml:md5,894afb81509c847f7d9a58885e086b5c"
                ],
                "pretext": [
                    [
                        {
                            "id": "test",
                            "single_end": false
                        },
                        "test.pretext:md5,b47be7fd285a2de68643f73f85ba84f1"
                    ]
                ],
                "versions": [
                    "versions.yml:md5,894afb81509c847f7d9a58885e086b5c"
                ]
            }
        ],
        "timestamp": "2024-03-19T13:15:41.182325"
    },
    "homo_bam_map": {
        "content": [
            {
                "0": [
                    [
                        {
                            "id": "test",
                            "single_end": false
                        },
                        "test.pretext:md5,ae0f18b472e39de970fdc1aebc0f3f8d"
                    ]
                ],
                "1": [
                    "versions.yml:md5,894afb81509c847f7d9a58885e086b5c"
                ],
                "pretext": [
                    [
                        {
                            "id": "test",
                            "single_end": false
                        },
                        "test.pretext:md5,ae0f18b472e39de970fdc1aebc0f3f8d"
                    ]
                ],
                "versions": [
                    "versions.yml:md5,894afb81509c847f7d9a58885e086b5c"
                ]
            }
        ],
        "timestamp": "2024-03-19T13:10:58.360421"
    }
}