{
    "homo_sapiens - fastq": {
        "content": [
            {
                "0": [
                    
                ],
                "1": [
                    
                ],
                "pdf": [
                    
                ],
                "versions": [
                    
                ]
            }
        ],
        "timestamp": "2024-05-30T15:40:44.701085"
    }
}