{
    "sarscov2 - genome - contigs": {
        "content": [
            {
                "0": [
                    [
                        {
                            "id": "contigs",
                            "single_end": false
                        },
                        "contigs.genome.train:md5,3d7e1c630705d83c6a11b6f28d5aefcb"
                    ]
                ],
                "1": [
                    "versions.yml:md5,c5578547acf9e77e1e8f6bf796e32ac2"
                ],
                "param_file": [
                    [
                        {
                            "id": "contigs",
                            "single_end": false
                        },
                        "contigs.genome.train:md5,3d7e1c630705d83c6a11b6f28d5aefcb"
                    ]
                ],
                "versions": [
                    "versions.yml:md5,c5578547acf9e77e1e8f6bf796e32ac2"
                ]
            }
        ],
        "meta": {
            "nf-test": "0.8.4",
            "nextflow": "24.04.2"
        },
        "timestamp": "2024-06-04T18:58:48.370855"
    }
}