{
    "day0_version": {
        "content": null,
        "meta": {
            "nf-test": "0.8.4",
            "nextflow": "23.10.0"
        },
        "timestamp": "2024-03-21T15:29:56.274882"
    },
    "mageck-test - csv - stub": {
        "content": [
            {
                "0": [
                    [
                        {
                            "id": "test",
                            "single_end": false
                        },
                        "test.gene_summary.txt:md5,d41d8cd98f00b204e9800998ecf8427e"
                    ]
                ],
                "1": [
                    [
                        {
                            "id": "test",
                            "single_end": false
                        },
                        "test.sgrna_summary.txt:md5,d41d8cd98f00b204e9800998ecf8427e"
                    ]
                ],
                "2": [
                    [
                        {
                            "id": "test",
                            "single_end": false
                        },
                        "test.R:md5,d41d8cd98f00b204e9800998ecf8427e"
                    ]
                ],
                "3": [
                    "versions.yml:md5,d52903c294d3f9b3ff6244878af3a757"
                ],
                "gene_summary": [
                    [
                        {
                            "id": "test",
                            "single_end": false
                        },
                        "test.gene_summary.txt:md5,d41d8cd98f00b204e9800998ecf8427e"
                    ]
                ],
                "r_script": [
                    [
                        {
                            "id": "test",
                            "single_end": false
                        },
                        "test.R:md5,d41d8cd98f00b204e9800998ecf8427e"
                    ]
                ],
                "sgrna_summary": [
                    [
                        {
                            "id": "test",
                            "single_end": false
                        },
                        "test.sgrna_summary.txt:md5,d41d8cd98f00b204e9800998ecf8427e"
                    ]
                ],
                "versions": [
                    "versions.yml:md5,d52903c294d3f9b3ff6244878af3a757"
                ]
            }
        ],
        "meta": {
            "nf-test": "0.8.4",
            "nextflow": "23.10.0"
        },
        "timestamp": "2024-03-25T09:50:40.204114"
    },
    "version": {
        "content": null,
        "meta": {
            "nf-test": "0.8.4",
            "nextflow": "23.10.0"
        },
        "timestamp": "2024-03-21T15:29:30.190372"
    }
}