{
    "sarscov2 - contigs - genome": {
        "content": [
            {
                "0": [
                    [
                        {
                            "id": "contigs",
                            "single_end": false
                        },
                        "contigs.genome.maf.gz:md5,902274b72657f62d270d284dc211aa7f"
                    ]
                ],
                "1": [
                    "versions.yml:md5,e0a425d7cbca674252a1e4328b247ca2"
                ],
                "maf": [
                    [
                        {
                            "id": "contigs",
                            "single_end": false
                        },
                        "contigs.genome.maf.gz:md5,902274b72657f62d270d284dc211aa7f"
                    ]
                ],
                "versions": [
                    "versions.yml:md5,e0a425d7cbca674252a1e4328b247ca2"
                ]
            }
        ],
        "meta": {
            "nf-test": "0.8.4",
            "nextflow": "24.04.2"
        },
        "timestamp": "2024-06-05T13:45:35.73225"
    },
    "sarscov2 - contigs - genome - withparams": {
        "content": [
            {
                "0": [
                    [
                        {
                            "id": "contigs",
                            "single_end": false
                        },
                        "contigs.genome.maf.gz:md5,8cb97b6daa34dbf9c723a2c4a984992d"
                    ]
                ],
                "1": [
                    "versions.yml:md5,e0a425d7cbca674252a1e4328b247ca2"
                ],
                "maf": [
                    [
                        {
                            "id": "contigs",
                            "single_end": false
                        },
                        "contigs.genome.maf.gz:md5,8cb97b6daa34dbf9c723a2c4a984992d"
                    ]
                ],
                "versions": [
                    "versions.yml:md5,e0a425d7cbca674252a1e4328b247ca2"
                ]
            }
        ],
        "meta": {
            "nf-test": "0.8.4",
            "nextflow": "24.04.2"
        },
        "timestamp": "2024-06-05T13:47:32.144721"
    }
}