{
    "test_gatk4_variantfiltration_gz_input": {
        "content": [
            [
                "versions.yml:md5,96943659275ba62de1f0d283a2f6e97b"
            ]
        ],
        "meta": {
            "nf-test": "0.8.4",
            "nextflow": "23.04.2"
        },
        "timestamp": "2024-05-22T22:25:07.54709"
    },
    "gatk_hc_vcf_bam_input": {
        "content": [
            "test.vcf.gz"
        ],
        "meta": {
            "nf-test": "0.8.4",
            "nextflow": "23.04.2"
        },
        "timestamp": "2024-05-22T22:25:07.553307"
    },
    "gatk_hc_vcf_bam_gz_input": {
        "content": [
            "test.vcf.gz"
        ],
        "meta": {
            "nf-test": "0.8.4",
            "nextflow": "23.04.2"
        },
        "timestamp": "2024-05-22T22:24:27.86075"
    },
    "gatk_hc_vcf_tbi_bam_input": {
        "content": [
            "test.vcf.gz.tbi"
        ],
        "meta": {
            "nf-test": "0.8.4",
            "nextflow": "23.04.2"
        },
        "timestamp": "2024-05-22T22:25:07.559474"
    },
    "test_gatk4_variantfiltration_vcf_input": {
        "content": [
            [
                "versions.yml:md5,96943659275ba62de1f0d283a2f6e97b"
            ]
        ],
        "meta": {
            "nf-test": "0.8.4",
            "nextflow": "23.04.2"
        },
        "timestamp": "2024-05-22T22:24:27.841897"
    },
    "gatk_hc_vcf_tbi_bam_gz_input": {
        "content": [
            "test.vcf.gz.tbi"
        ],
        "meta": {
            "nf-test": "0.8.4",
            "nextflow": "23.04.2"
        },
        "timestamp": "2024-05-22T22:24:27.865577"
    }
}