{
    "versions": {
        "content": [
            [
                "versions.yml:md5,dc4fa28b55f18860166ada8bae8faaaa"
            ]
        ],
        "meta": {
            "nf-test": "0.8.4",
            "nextflow": "23.10.1"
        },
        "timestamp": "2024-03-19T14:12:47.962180653"
    },
    "idxml": {
        "content": [
            [
                [
                    {
                        "id": "test"
                    },
                    "test.idXML:md5,4bbb5407419f2829b08bc20fe6bd3a64"
                ]
            ]
        ],
        "meta": {
            "nf-test": "0.8.4",
            "nextflow": "23.10.1"
        },
        "timestamp": "2024-03-19T14:12:47.974368373"
    },
    "proteomics - openms - idxml - stub": {
        "content": [
            {
                "0": [
                    [
                        {
                            "id": "test"
                        },
                        "test.idXML:md5,d41d8cd98f00b204e9800998ecf8427e"
                    ]
                ],
                "1": [
                    "versions.yml:md5,dc4fa28b55f18860166ada8bae8faaaa"
                ],
                "idxml": [
                    [
                        {
                            "id": "test"
                        },
                        "test.idXML:md5,d41d8cd98f00b204e9800998ecf8427e"
                    ]
                ],
                "versions": [
                    "versions.yml:md5,dc4fa28b55f18860166ada8bae8faaaa"
                ]
            }
        ],
        "meta": {
            "nf-test": "0.8.4",
            "nextflow": "23.10.1"
        },
        "timestamp": "2024-03-19T14:12:56.772745939"
    }
}